#
# A fatal error has been detected by the Java Runtime Environment:
#
#  EXCEPTION_ACCESS_VIOLATION (0xc0000005) at pc=0x00007ffd10493327, pid=13820, tid=12028
#
# JRE version: Java(TM) SE Runtime Environment (17.0.12+8) (build 17.0.12+8-LTS-286)
# Java VM: Java HotSpot(TM) 64-Bit Server VM (17.0.12+8-LTS-286, mixed mode, emulated-client, sharing, tiered, compressed oops, compressed class ptrs, g1 gc, windows-amd64)
# Problematic frame:
# V  [jvm.dll+0x633327]
#
# No core dump will be written. Minidumps are not enabled by default on client versions of Windows
#
# If you would like to submit a bug report, please visit:
#   https://bugreport.java.com/bugreport/crash.jsp
#

---------------  S U M M A R Y ------------

Command Line: -XX:TieredStopAtLevel=1 com.fruvio.GestionConge.GestionCongeApplication

Host: Intel(R) Core(TM) i7-4800MQ CPU @ 2.70GHz, 8 cores, 11G,  Windows 11 , 64 bit Build 22621 (10.0.22621.3958)
Time: Sat Sep  5 13:49:54 2026 Russie TZ 2 elapsed time: 9319.784512 seconds (0d 2h 35m 19s)

---------------  T H R E A D  ---------------

Current thread (0x0000012408b1a150):  GCTaskThread "GC Thread#1" [stack: 0x0000000d2de00000,0x0000000d2df00000] [id=12028]

Stack: [0x0000000d2de00000,0x0000000d2df00000],  sp=0x0000000d2deff940,  free space=1022k
Native frames: (J=compiled Java code, j=interpreted, Vv=VM code, C=native code)
V  [jvm.dll+0x633327]
V  [jvm.dll+0x36a498]
V  [jvm.dll+0x684c32]
V  [jvm.dll+0x304f32]
V  [jvm.dll+0x80832b]
V  [jvm.dll+0x808376]
V  [jvm.dll+0x78abea]
V  [jvm.dll+0x678f35]
C  [ucrtbase.dll+0x29333]
C  [KERNEL32.DLL+0x1257d]
C  [ntdll.dll+0x5af08]


siginfo: EXCEPTION_ACCESS_VIOLATION (0xc0000005), reading address 0x0000000000000109


Registers:
RAX=0x0000000000000050, RBX=0x0000012408b12f40, RCX=0x0000000000000009, RDX=0x0000000000000000
RSP=0x0000000d2deff940, RBP=0x0000012409217110, RSI=0x0000000000000009, RDI=0x0000000000000000
R8 =0x0000000000000003, R9 =0x000000000000f801, R10=0x000001247b75c38a, R11=0x0000000d2deffa00
R12=0x0000000000000000, R13=0x0000000000000000, R14=0x0000000000000000, R15=0x00000000000003d8
RIP=0x00007ffd10493327, EFLAGS=0x0000000000010202


Register to memory mapping:

RIP=0x00007ffd10493327 jvm.dll
RAX=0x0000000000000050 is an unknown value
RBX=0x0000012408b12f40 points into unknown readable memory: 0x0000000000000000 | 00 00 00 00 00 00 00 00
RCX=0x0000000000000009 is an unknown value
RDX=0x0 is NULL
RSP=0x0000000d2deff940 points into unknown readable memory: 0x0000000d2d0fede0 | e0 ed 0f 2d 0d 00 00 00
RBP=0x0000012409217110 is a pointer to class: 
sun.nio.fs.WindowsNativeDispatcher$AclInformation {0x0000012409217118}
 - instance size:     2
 - klass size:        65
 - access:            synchronized 
 - state:             fully_initialized
 - name:              'sun/nio/fs/WindowsNativeDispatcher$AclInformation'
 - super:             'java/lang/Object'
 - sub:               
 - arrays:            NULL
 - methods:           Array<T>(0x00000124098390d0)
 - method ordering:   Array<T>(0x00000124098390e8)
 - default_methods:   Array<T>(0x0000000000000000)
 - local interfaces:  Array<T>(0x00000124095d1ef0)
 - trans. interfaces: Array<T>(0x00000124095d1ef0)
 - constants:         constant pool [26] {0x0000012409838fa8} for 'sun/nio/fs/WindowsNativeDispatcher$AclInformation' cache=0x0000012409217920
 - class loader data:  loader data: 0x0000012471b1ef30 of 'bootstrap'
 - source file:       'WindowsNativeDispatcher.java'
 - class annotations:       Array<T>(0x0000000000000000)
 - class type annotations:  Array<T>(0x0000000000000000)
 - field annotations:       Array<T>(0x0000000000000000)
 - field type annotations:  Array<T>(0x0000000000000000)
 - inner classes:     Array<T>(0x00000124098390b8)
 - nest members:     Array<T>(0x00000124095d1e80)
 - permitted subclasses:     Array<T>(0x00000124095d1e80)
 - java mirror:       a 'java/lang/Class'{0x00000007417cbbb0} = 'sun/nio/fs/WindowsNativeDispatcher$AclInformation'
 - vtable length      6  (start addr: 0x00000124092172d8)
 - itable length      2 (start addr: 0x0000012409217308)
 - ---- static fields (0 words):
 - ---- non-static fields (1 words):
 - private 'aceCount' 'I' @588 
 - non-static oop maps: 
RSI=0x0000000000000009 is an unknown value
RDI=0x0 is NULL
R8 =0x0000000000000003 is an unknown value
R9 =0x000000000000f801 is an unknown value
R10=0x000001247b75c38a is at entry_point+-22 in (nmethod*)0x000001247b75c210
Compiled method (c1) 9319923 7259       1       org.hibernate.sql.exec.internal.AbstractJdbcParameter::<init> (10 bytes)
 total in heap  [0x000001247b75c210,0x000001247b75c4f8] = 744
 relocation     [0x000001247b75c368,0x000001247b75c390] = 40
 main code      [0x000001247b75c3a0,0x000001247b75c480] = 224
 stub code      [0x000001247b75c480,0x000001247b75c4b8] = 56
 oops           [0x000001247b75c4b8,0x000001247b75c4c0] = 8
 metadata       [0x000001247b75c4c0,0x000001247b75c4c8] = 8
 scopes data    [0x000001247b75c4c8,0x000001247b75c4d0] = 8
 scopes pcs     [0x000001247b75c4d0,0x000001247b75c4f0] = 32
 dependencies   [0x000001247b75c4f0,0x000001247b75c4f8] = 8
R11=0x0000000d2deffa00 points into unknown readable memory: 0x0000000000000000 | 00 00 00 00 00 00 00 00
R12=0x0 is NULL
R13=0x0 is NULL
R14=0x0 is NULL
R15=0x00000000000003d8 is an unknown value


Top of Stack: (sp=0x0000000d2deff940)
0x0000000d2deff940:   0000000d2d0fede0 0000012471846e70
0x0000000d2deff950:   0000012400000000 0000012471846e70
0x0000000d2deff960:   0000000000000001 00007ffd10052b83
0x0000000d2deff970:   00000000000003d8 0000000000000000
0x0000000d2deff980:   0000000000000000 0000000000000000
0x0000000d2deff990:   0000000000000000 00007ffd101ca498
0x0000000d2deff9a0:   000001247b751410 0000000000000009
0x0000000d2deff9b0:   0000012409217110 0000012408142b40
0x0000000d2deff9c0:   0000012408142f28 00000124083cb840
0x0000000d2deff9d0:   0000012408142b40 0000012408142b50
0x0000000d2deff9e0:   0000000d2d0fee18 00007ffd104e4c32
0x0000000d2deff9f0:   0000cbdb778c5f2b 000016d500000001
0x0000000d2deffa00:   0000000000000000 0000012408b1a150
0x0000000d2deffa10:   0000000000000000 0000012408b1a150
0x0000000d2deffa20:   0000000000000000 00007ffd10164f32
0x0000000d2deffa30:   0000000d2d0fedc0 0000000000000000 

Instructions: (pc=0x00007ffd10493327)
0x00007ffd10493227:   f7 df 0f 1f 80 00 00 00 00 48 8b 11 48 89 14 f9
0x00007ffd10493237:   48 83 c1 08 48 3b c8 72 f0 0f b6 13 8b ca 85 d2
0x00007ffd10493247:   74 31 83 e9 01 74 2c 83 f9 0c 74 3a 89 54 24 20
0x00007ffd10493257:   4c 8d 0d 7a 03 31 00 48 8d 15 8b 03 31 00 41 b8
0x00007ffd10493267:   64 05 00 00 b9 00 00 00 e0 e8 bb 1a c1 ff e8 e6
0x00007ffd10493277:   68 04 00 b8 08 00 00 00 48 03 d8 48 3b dd 0f 82
0x00007ffd10493287:   85 fe ff ff eb 34 b8 10 00 00 00 eb eb 85 f6 74
0x00007ffd10493297:   29 4c 8d 04 fd 00 00 00 00 48 8b cb 49 2b c8 49
0x00007ffd104932a7:   c1 e8 03 48 3b cb 4d 0f 47 c7 4d 85 c0 74 0b 49
0x00007ffd104932b7:   c1 e0 03 33 d2 e8 b1 43 20 00 48 8b 7c 24 50 4c
0x00007ffd104932c7:   8b 64 24 58 48 8b 5c 24 60 48 8b 6c 24 68 48 83
0x00007ffd104932d7:   c4 30 41 5f 41 5e 5e c3 cc 48 89 5c 24 10 48 89
0x00007ffd104932e7:   6c 24 18 48 89 74 24 20 57 41 54 41 55 41 56 41
0x00007ffd104932f7:   57 48 83 ec 30 65 48 8b 04 25 58 00 00 00 44 0f
0x00007ffd10493307:   b6 f2 44 8b 05 68 4f 51 00 48 8b f1 4a 8b 1c c0
0x00007ffd10493317:   b8 50 00 00 00 80 3c 18 00 75 05 e8 85 31 20 00
0x00007ffd10493327:   83 be 00 01 00 00 00 b8 20 00 00 00 48 8b 04 18
0x00007ffd10493337:   48 8b a8 38 02 00 00 48 8b 7d 28 4c 8b 7d 10 4c
0x00007ffd10493347:   8b 65 18 4c 8b 6d 20 48 89 7c 24 60 7e 65 48 8d
0x00007ffd10493357:   8e 08 01 00 00 e8 8f 0b 00 00 48 8b f8 48 85 c0
0x00007ffd10493367:   74 4c 0f 1f 80 00 00 00 00 48 8b 07 41 0f b6 d6
0x00007ffd10493377:   48 8b cf ff 90 80 00 00 00 8b 5f 08 48 8b cf 48
0x00007ffd10493387:   8b 07 2b de ff 10 8d 48 e0 8d 0c cb 3b 8e 00 01
0x00007ffd10493397:   00 00 7d 1a 48 63 c9 48 81 c1 08 01 00 00 48 03
0x00007ffd104933a7:   ce e8 43 0b 00 00 48 8b f8 48 85 c0 75 bb 48 8b
0x00007ffd104933b7:   7c 24 60 48 63 86 04 01 00 00 83 f8 fe 74 35 48
0x00007ffd104933c7:   8d 88 08 01 00 00 48 03 ce e8 1b 0b 00 00 48 8b
0x00007ffd104933d7:   c8 48 8b d8 48 8b 10 ff 52 68 33 c9 84 c0 48 0f
0x00007ffd104933e7:   45 cb 48 85 c9 74 0d 48 8b 01 41 0f b6 d6 ff 90
0x00007ffd104933f7:   80 00 00 00 48 8d 05 a6 05 31 00 44 88 74 24 28
0x00007ffd10493407:   48 8d 54 24 20 48 89 44 24 20 48 8b ce e8 a7 fc
0x00007ffd10493417:   ff ff 49 83 3f 00 74 13 48 8b d7 48 8b cd e8 d6 


Stack slot to memory mapping:
stack at sp + 0 slots: 0x0000000d2d0fede0 points into unknown readable memory: 0x00007ffd1073f4e8 | e8 f4 73 10 fd 7f 00 00
stack at sp + 1 slots: 0x0000012471846e70 points into unknown readable memory: 0x0000000300000001 | 01 00 00 00 03 00 00 00
stack at sp + 2 slots: 0x0000012400000000 points into unknown readable memory: 0x0000000000000001 | 01 00 00 00 00 00 00 00
stack at sp + 3 slots: 0x0000012471846e70 points into unknown readable memory: 0x0000000300000001 | 01 00 00 00 03 00 00 00
stack at sp + 4 slots: 0x0000000000000001 is an unknown value
stack at sp + 5 slots: 0x00007ffd10052b83 jvm.dll
stack at sp + 6 slots: 0x00000000000003d8 is an unknown value
stack at sp + 7 slots: 0x0 is NULL


---------------  P R O C E S S  ---------------

Threads class SMR info:
_java_thread_list=0x000001244f0e5a50, length=28, elements={
0x000001240810d550, 0x000001240810ebe0, 0x0000012408128210, 0x0000012408128bd0,
0x0000012408129590, 0x0000012408129f50, 0x000001240812add0, 0x000001240812bbe0,
0x00000124083bbcc0, 0x00000124083c15c0, 0x000001244e412790, 0x000001240890b040,
0x000001244e415ea0, 0x00000124084bde20, 0x00000124084be300, 0x000001240890a4c0,
0x0000012408909fb0, 0x000001240890a9d0, 0x0000012408909080, 0x0000012408909590,
0x0000012408909aa0, 0x0000012408767190, 0x0000012408762ab0, 0x00000124087676a0,
0x00000124087634d0, 0x0000012408765330, 0x0000012408765d50, 0x0000012408767bb0
}

Java Threads: ( => current thread )
  0x000001240810d550 JavaThread "Reference Handler" daemon [_thread_blocked, id=5568, stack(0x0000000d2d100000,0x0000000d2d200000)]
  0x000001240810ebe0 JavaThread "Finalizer" daemon [_thread_blocked, id=11112, stack(0x0000000d2d200000,0x0000000d2d300000)]
  0x0000012408128210 JavaThread "Signal Dispatcher" daemon [_thread_blocked, id=10380, stack(0x0000000d2d300000,0x0000000d2d400000)]
  0x0000012408128bd0 JavaThread "Attach Listener" daemon [_thread_blocked, id=10620, stack(0x0000000d2d400000,0x0000000d2d500000)]
  0x0000012408129590 JavaThread "Service Thread" daemon [_thread_blocked, id=9144, stack(0x0000000d2d500000,0x0000000d2d600000)]
  0x0000012408129f50 JavaThread "Monitor Deflation Thread" daemon [_thread_blocked, id=11680, stack(0x0000000d2d600000,0x0000000d2d700000)]
  0x000001240812add0 JavaThread "C1 CompilerThread0" daemon [_thread_blocked, id=12852, stack(0x0000000d2d700000,0x0000000d2d800000)]
  0x000001240812bbe0 JavaThread "Sweeper thread" daemon [_thread_blocked, id=12880, stack(0x0000000d2d800000,0x0000000d2d900000)]
  0x00000124083bbcc0 JavaThread "Notification Thread" daemon [_thread_blocked, id=12428, stack(0x0000000d2db00000,0x0000000d2dc00000)]
  0x00000124083c15c0 JavaThread "Common-Cleaner" daemon [_thread_blocked, id=12660, stack(0x0000000d2dd00000,0x0000000d2de00000)]
  0x000001244e412790 JavaThread "Catalina-utility-1" [_thread_blocked, id=16792, stack(0x0000000d2e700000,0x0000000d2e800000)]
  0x000001240890b040 JavaThread "http-nio-8080-exec-1" daemon [_thread_blocked, id=13248, stack(0x0000000d2e800000,0x0000000d2e900000)]
  0x000001244e415ea0 JavaThread "http-nio-8080-exec-2" daemon [_thread_blocked, id=14784, stack(0x0000000d2e900000,0x0000000d2ea00000)]
  0x00000124084bde20 JavaThread "http-nio-8080-exec-3" daemon [_thread_blocked, id=2476, stack(0x0000000d2ea00000,0x0000000d2eb00000)]
  0x00000124084be300 JavaThread "http-nio-8080-exec-4" daemon [_thread_blocked, id=16908, stack(0x0000000d2eb00000,0x0000000d2ec00000)]
  0x000001240890a4c0 JavaThread "http-nio-8080-exec-5" daemon [_thread_blocked, id=17364, stack(0x0000000d2ec00000,0x0000000d2ed00000)]
  0x0000012408909fb0 JavaThread "http-nio-8080-exec-6" daemon [_thread_blocked, id=2500, stack(0x0000000d2ed00000,0x0000000d2ee00000)]
  0x000001240890a9d0 JavaThread "http-nio-8080-exec-7" daemon [_thread_blocked, id=16812, stack(0x0000000d2ee00000,0x0000000d2ef00000)]
  0x0000012408909080 JavaThread "http-nio-8080-exec-8" daemon [_thread_blocked, id=4100, stack(0x0000000d2ef00000,0x0000000d2f000000)]
  0x0000012408909590 JavaThread "http-nio-8080-exec-9" daemon [_thread_blocked, id=16844, stack(0x0000000d2f000000,0x0000000d2f100000)]
  0x0000012408909aa0 JavaThread "http-nio-8080-exec-10" daemon [_thread_blocked, id=19828, stack(0x0000000d2f100000,0x0000000d2f200000)]
  0x0000012408767190 JavaThread "Catalina-utility-2" [_thread_blocked, id=10560, stack(0x0000000d2f200000,0x0000000d2f300000)]
  0x0000012408762ab0 JavaThread "container-0" [_thread_blocked, id=16784, stack(0x0000000d2f300000,0x0000000d2f400000)]
  0x00000124087676a0 JavaThread "PostgreSQL-JDBC-Cleaner" daemon [_thread_blocked, id=11056, stack(0x0000000d2f400000,0x0000000d2f500000)]
  0x00000124087634d0 JavaThread "HikariPool-1 housekeeper" daemon [_thread_blocked, id=19476, stack(0x0000000d2f500000,0x0000000d2f600000)]
  0x0000012408765330 JavaThread "http-nio-8080-Poller" daemon [_thread_blocked, id=17868, stack(0x0000000d2f700000,0x0000000d2f800000)]
  0x0000012408765d50 JavaThread "http-nio-8080-Acceptor" daemon [_thread_in_native, id=19140, stack(0x0000000d2f800000,0x0000000d2f900000)]
  0x0000012408767bb0 JavaThread "DestroyJavaVM" [_thread_blocked, id=9164, stack(0x0000000d2ca00000,0x0000000d2cb00000)]

Other Threads:
  0x0000012408108930 VMThread "VM Thread" [stack: 0x0000000d2d000000,0x0000000d2d100000] [id=18040]
  0x0000012471aceab0 WatcherThread [stack: 0x0000000d2dc00000,0x0000000d2dd00000] [id=16088]
  0x0000012471aba5a0 GCTaskThread "GC Thread#0" [stack: 0x0000000d2cb00000,0x0000000d2cc00000] [id=15112]
=>0x0000012408b1a150 GCTaskThread "GC Thread#1" [stack: 0x0000000d2de00000,0x0000000d2df00000] [id=12028]
  0x0000012408b1a410 GCTaskThread "GC Thread#2" [stack: 0x0000000d2df00000,0x0000000d2e000000] [id=12812]
  0x0000012408b1aae0 GCTaskThread "GC Thread#3" [stack: 0x0000000d2e000000,0x0000000d2e100000] [id=20256]
  0x0000012408b321f0 GCTaskThread "GC Thread#4" [stack: 0x0000000d2e100000,0x0000000d2e200000] [id=17160]
  0x0000012408da22e0 GCTaskThread "GC Thread#5" [stack: 0x0000000d2e400000,0x0000000d2e500000] [id=15548]
  0x0000012408da25a0 GCTaskThread "GC Thread#6" [stack: 0x0000000d2e500000,0x0000000d2e600000] [id=17224]
  0x0000012408db4010 GCTaskThread "GC Thread#7" [stack: 0x0000000d2e600000,0x0000000d2e700000] [id=7932]
  0x0000012471ac7380 ConcurrentGCThread "G1 Main Marker" [stack: 0x0000000d2cc00000,0x0000000d2cd00000] [id=17776]
  0x0000012471ac8530 ConcurrentGCThread "G1 Conc#0" [stack: 0x0000000d2cd00000,0x0000000d2ce00000] [id=10388]
  0x00000124087d29a0 ConcurrentGCThread "G1 Conc#1" [stack: 0x0000000d2e200000,0x0000000d2e300000] [id=12592]
  0x0000012471b18630 ConcurrentGCThread "G1 Refine#0" [stack: 0x0000000d2ce00000,0x0000000d2cf00000] [id=18808]
  0x0000012407fc2a40 ConcurrentGCThread "G1 Service" [stack: 0x0000000d2cf00000,0x0000000d2d000000] [id=16348]

Threads with active compile tasks:

VM state: at safepoint (normal execution)

VM Mutex/Monitor currently owned by a thread:  ([mutex/lock_event])
[0x0000012471a54920] Threads_lock - owner thread: 0x0000012408108930
[0x0000012471a55100] Heap_lock - owner thread: 0x0000012471ac7380

Heap address: 0x0000000741600000, size: 3050 MB, Compressed Oops mode: Zero based, Oop shift amount: 3

CDS archive(s) mapped at: [0x0000012409000000-0x0000012409bd0000-0x0000012409bd0000), size 12386304, SharedBaseAddress: 0x0000012409000000, ArchiveRelocationMode: 1.
Compressed class space mapped at: 0x000001240a000000-0x000001244a000000, reserved size: 1073741824
Narrow klass base: 0x0000012409000000, Narrow klass shift: 0, Narrow klass range: 0x100000000

GC Precious Log:
 CPUs: 8 total, 8 available
 Memory: 12193M
 Large Page Support: Disabled
 NUMA Support: Disabled
 Compressed Oops: Enabled (Zero based)
 Heap Region Size: 2M
 Heap Min Capacity: 8M
 Heap Initial Capacity: 192M
 Heap Max Capacity: 3050M
 Pre-touch: Disabled
 Parallel Workers: 8
 Concurrent Workers: 2
 Concurrent Refinement Workers: 8
 Periodic GC: Disabled

Heap:
 garbage-first heap   total 61440K, used 28376K [0x0000000741600000, 0x0000000800000000)
  region size 2048K, 2 young (4096K), 1 survivors (2048K)
 Metaspace       used 62335K, committed 63168K, reserved 1114112K
  class space    used 9071K, committed 9408K, reserved 1048576K

Heap Regions: E=young(eden), S=young(survivor), O=old, HS=humongous(starts), HC=humongous(continues), CS=collection set, F=free, OA=open archive, CA=closed archive, TAMS=top-at-mark-start (previous, next)
|   0|0x0000000741600000, 0x0000000741800000, 0x0000000741800000|100%| O|  |TAMS 0x0000000741800000, 0x0000000741800000| Untracked 
|   1|0x0000000741800000, 0x0000000741a00000, 0x0000000741a00000|100%| O|  |TAMS 0x0000000741a00000, 0x0000000741a00000| Untracked 
|   2|0x0000000741a00000, 0x0000000741c00000, 0x0000000741c00000|100%| O|  |TAMS 0x0000000741c00000, 0x0000000741c00000| Untracked 
|   3|0x0000000741c00000, 0x0000000741e00000, 0x0000000741e00000|100%| O|  |TAMS 0x0000000741e00000, 0x0000000741e00000| Untracked 
|   4|0x0000000741e00000, 0x0000000742000000, 0x0000000742000000|100%| O|  |TAMS 0x0000000742000000, 0x0000000742000000| Untracked 
|   5|0x0000000742000000, 0x0000000742000000, 0x0000000742200000|  0%| F|  |TAMS 0x0000000742000000, 0x0000000742000000| Untracked 
|   6|0x0000000742200000, 0x0000000742400000, 0x0000000742400000|100%| O|  |TAMS 0x0000000742400000, 0x0000000742400000| Untracked 
|   7|0x0000000742400000, 0x0000000742600000, 0x0000000742600000|100%| O|  |TAMS 0x0000000742600000, 0x0000000742600000| Untracked 
|   8|0x0000000742600000, 0x0000000742800000, 0x0000000742800000|100%| O|  |TAMS 0x0000000742800000, 0x0000000742800000| Untracked 
|   9|0x0000000742800000, 0x0000000742800000, 0x0000000742a00000|  0%| F|  |TAMS 0x0000000742800000, 0x0000000742800000| Untracked 
|  10|0x0000000742a00000, 0x0000000742c00000, 0x0000000742c00000|100%| O|  |TAMS 0x0000000742c00000, 0x0000000742c00000| Untracked 
|  11|0x0000000742c00000, 0x0000000742e00000, 0x0000000742e00000|100%| O|  |TAMS 0x0000000742e00000, 0x0000000742e00000| Untracked 
|  12|0x0000000742e00000, 0x0000000743000000, 0x0000000743000000|100%| O|  |TAMS 0x0000000743000000, 0x0000000743000000| Untracked 
|  13|0x0000000743000000, 0x0000000743200000, 0x0000000743200000|100%| O|  |TAMS 0x0000000743037600, 0x0000000743200000| Untracked 
|  14|0x0000000743200000, 0x0000000743400000, 0x0000000743400000|100%| O|  |TAMS 0x0000000743200000, 0x0000000743400000| Untracked 
|  15|0x0000000743400000, 0x00000007434d8000, 0x0000000743600000| 42%| O|  |TAMS 0x0000000743400000, 0x00000007434d8000| Untracked 
|  16|0x0000000743600000, 0x0000000743600000, 0x0000000743800000|  0%| F|  |TAMS 0x0000000743600000, 0x0000000743600000| Untracked 
|  17|0x0000000743800000, 0x0000000743800000, 0x0000000743a00000|  0%| F|  |TAMS 0x0000000743800000, 0x0000000743800000| Untracked 
|  18|0x0000000743a00000, 0x0000000743a00000, 0x0000000743c00000|  0%| F|  |TAMS 0x0000000743a00000, 0x0000000743a00000| Untracked 
|  19|0x0000000743c00000, 0x0000000743cde248, 0x0000000743e00000| 43%| S|CS|TAMS 0x0000000743c00000, 0x0000000743c00000| Complete 
|  20|0x0000000743e00000, 0x0000000743e00000, 0x0000000744000000|  0%| F|  |TAMS 0x0000000743e00000, 0x0000000743e00000| Untracked 
|  21|0x0000000744000000, 0x0000000744000000, 0x0000000744200000|  0%| F|  |TAMS 0x0000000744000000, 0x0000000744000000| Untracked 
|  22|0x0000000744200000, 0x0000000744200000, 0x0000000744400000|  0%| F|  |TAMS 0x0000000744200000, 0x0000000744200000| Untracked 
|  23|0x0000000744400000, 0x0000000744400000, 0x0000000744600000|  0%| F|  |TAMS 0x0000000744400000, 0x0000000744400000| Untracked 
|  24|0x0000000744600000, 0x0000000744600000, 0x0000000744800000|  0%| F|  |TAMS 0x0000000744600000, 0x0000000744600000| Untracked 
|  53|0x0000000748000000, 0x0000000748000000, 0x0000000748200000|  0%| F|  |TAMS 0x0000000748000000, 0x0000000748000000| Untracked 
|  54|0x0000000748200000, 0x0000000748200000, 0x0000000748400000|  0%| F|  |TAMS 0x0000000748200000, 0x0000000748200000| Untracked 
|  55|0x0000000748400000, 0x0000000748400000, 0x0000000748600000|  0%| F|  |TAMS 0x0000000748400000, 0x0000000748400000| Untracked 
|  56|0x0000000748600000, 0x0000000748600000, 0x0000000748800000|  0%| F|  |TAMS 0x0000000748600000, 0x0000000748600000| Untracked 
|  95|0x000000074d400000, 0x000000074d408220, 0x000000074d600000|  1%| E|  |TAMS 0x000000074d400000, 0x000000074d400000| Complete 

Card table byte_map: [0x000001247ea00000,0x000001247f000000] _byte_map_base: 0x000001247aff5000

Marking Bits (Prev, Next): (CMBitMap*) 0x0000012471ababc0, (CMBitMap*) 0x0000012471abac00
 Prev Bits: [0x0000012400000000, 0x0000012402fa8000)
 Next Bits: [0x0000012402fb0000, 0x0000012405f58000)

Polling page: 0x0000012471b20000

Metaspace:

Usage:
  Non-class:     52.02 MB used.
      Class:      8.86 MB used.
       Both:     60.87 MB used.

Virtual space:
  Non-class space:       64.00 MB reserved,      52.50 MB ( 82%) committed,  1 nodes.
      Class space:        1.00 GB reserved,       9.19 MB ( <1%) committed,  1 nodes.
             Both:        1.06 GB reserved,      61.69 MB (  6%) committed. 

Chunk freelists:
   Non-Class:  11.56 MB
       Class:  6.95 MB
        Both:  18.51 MB

MaxMetaspaceSize: unlimited
CompressedClassSpaceSize: 1.00 GB
Initial GC threshold: 21.00 MB
Current GC threshold: 102.81 MB
CDS: on
MetaspaceReclaimPolicy: balanced
 - commit_granule_bytes: 65536.
 - commit_granule_words: 8192.
 - virtual_space_node_default_size: 8388608.
 - enlarge_chunks_in_place: 1.
 - new_chunks_are_fully_committed: 0.
 - uncommit_free_chunks: 1.
 - use_allocation_guard: 0.
 - handle_deallocations: 1.


Internal statistics:

num_allocs_failed_limit: 12.
num_arena_births: 876.
num_arena_deaths: 266.
num_vsnodes_births: 2.
num_vsnodes_deaths: 0.
num_space_committed: 987.
num_space_uncommitted: 0.
num_chunks_returned_to_freelist: 309.
num_chunks_taken_from_freelist: 3243.
num_chunk_merges: 110.
num_chunk_splits: 2324.
num_chunks_enlarged: 1824.
num_inconsistent_stats: 0.

CodeCache: size=49152Kb used=12864Kb max_used=14139Kb free=36287Kb
 bounds [0x000001247ab10000, 0x000001247b920000, 0x000001247db10000]
 total_blobs=8321 nmethods=7660 adapters=587
 compilation: enabled
              stopped_count=0, restarted_count=0
 full_count=0

Compilation events (20 events):
Event: 8888.233 Thread 0x000001240812add0 7665       1       com.zaxxer.hikari.pool.PoolEntry::compareAndSet (10 bytes)
Event: 8888.233 Thread 0x000001240812add0 nmethod 7665 0x000001247b8f3690 code [0x000001247b8f3820, 0x000001247b8f39a8]
Event: 8888.239 Thread 0x000001240812add0 7666   !   1       jdk.internal.math.FloatingDecimal::readJavaFormatString (826 bytes)
Event: 8888.250 Thread 0x000001240812add0 nmethod 7666 0x000001247b8ee510 code [0x000001247b8eea00, 0x000001247b8f10c8]
Event: 8897.096 Thread 0x000001240812add0 7667  s    1       java.util.Properties::putIfAbsent (10 bytes)
Event: 8897.097 Thread 0x000001240812add0 nmethod 7667 0x000001247b8ee110 code [0x000001247b8ee2a0, 0x000001247b8ee448]
Event: 8897.247 Thread 0x000001240812add0 7668   !   1       jdk.internal.reflect.GeneratedConstructorAccessor26::newInstance (49 bytes)
Event: 8897.248 Thread 0x000001240812add0 nmethod 7668 0x000001247b8ed990 code [0x000001247b8edb60, 0x000001247b8edee8]
Event: 8917.322 Thread 0x000001240812add0 7669       1       sun.nio.ch.SocketOptionRegistry$RegistryKey::equals (48 bytes)
Event: 8917.322 Thread 0x000001240812add0 nmethod 7669 0x000001247b8ed490 code [0x000001247b8ed640, 0x000001247b8ed898]
Event: 8936.909 Thread 0x000001240812add0 7670       1       java.util.Collections::newSetFromMap (9 bytes)
Event: 8936.909 Thread 0x000001240812add0 nmethod 7670 0x000001247b8ed110 code [0x000001247b8ed2a0, 0x000001247b8ed3c8]
Event: 8951.747 Thread 0x000001240812add0 7671       1       java.util.concurrent.locks.ReentrantLock::newCondition (8 bytes)
Event: 8951.747 Thread 0x000001240812add0 nmethod 7671 0x000001247b8ecd10 code [0x000001247b8ecea0, 0x000001247b8ed018]
Event: 8951.747 Thread 0x000001240812add0 7672       1       java.util.concurrent.locks.ReentrantLock$Sync::newCondition (9 bytes)
Event: 8951.747 Thread 0x000001240812add0 nmethod 7672 0x000001247b8ec990 code [0x000001247b8ecb20, 0x000001247b8ecc98]
Event: 8951.747 Thread 0x000001240812add0 7673       1       java.util.concurrent.locks.AbstractQueuedSynchronizer$ConditionObject::<init> (10 bytes)
Event: 8951.748 Thread 0x000001240812add0 nmethod 7673 0x000001247b8ec690 code [0x000001247b8ec820, 0x000001247b8ec938]
Event: 8951.899 Thread 0x000001240812add0 7674       1       java.lang.Long::parseLong (7 bytes)
Event: 8951.899 Thread 0x000001240812add0 nmethod 7674 0x000001247b8ec390 code [0x000001247b8ec520, 0x000001247b8ec5e8]

GC Heap History (20 events):
Event: 15.405 GC heap before
{Heap before GC invocations=10 (full 0):
 garbage-first heap   total 61440K, used 22569K [0x0000000741600000, 0x0000000800000000)
  region size 2048K, 3 young (6144K), 2 survivors (4096K)
 Metaspace       used 40400K, committed 40832K, reserved 1114112K
  class space    used 5699K, committed 5888K, reserved 1048576K
}
Event: 15.411 GC heap after
{Heap after GC invocations=11 (full 0):
 garbage-first heap   total 61440K, used 20708K [0x0000000741600000, 0x0000000800000000)
  region size 2048K, 1 young (2048K), 1 survivors (2048K)
 Metaspace       used 40400K, committed 40832K, reserved 1114112K
  class space    used 5699K, committed 5888K, reserved 1048576K
}
Event: 16.610 GC heap before
{Heap before GC invocations=11 (full 0):
 garbage-first heap   total 61440K, used 45284K [0x0000000741600000, 0x0000000800000000)
  region size 2048K, 13 young (26624K), 1 survivors (2048K)
 Metaspace       used 46535K, committed 47040K, reserved 1114112K
  class space    used 6748K, committed 6976K, reserved 1048576K
}
Event: 16.612 GC heap after
{Heap after GC invocations=12 (full 0):
 garbage-first heap   total 61440K, used 21202K [0x0000000741600000, 0x0000000800000000)
  region size 2048K, 1 young (2048K), 1 survivors (2048K)
 Metaspace       used 46535K, committed 47040K, reserved 1114112K
  class space    used 6748K, committed 6976K, reserved 1048576K
}
Event: 18.900 GC heap before
{Heap before GC invocations=12 (full 0):
 garbage-first heap   total 61440K, used 45778K [0x0000000741600000, 0x0000000800000000)
  region size 2048K, 13 young (26624K), 1 survivors (2048K)
 Metaspace       used 50104K, committed 50688K, reserved 1114112K
  class space    used 7303K, committed 7552K, reserved 1048576K
}
Event: 18.903 GC heap after
{Heap after GC invocations=13 (full 0):
 garbage-first heap   total 61440K, used 22122K [0x0000000741600000, 0x0000000800000000)
  region size 2048K, 1 young (2048K), 1 survivors (2048K)
 Metaspace       used 50104K, committed 50688K, reserved 1114112K
  class space    used 7303K, committed 7552K, reserved 1048576K
}
Event: 20.303 GC heap before
{Heap before GC invocations=13 (full 0):
 garbage-first heap   total 61440K, used 48746K [0x0000000741600000, 0x0000000800000000)
  region size 2048K, 14 young (28672K), 1 survivors (2048K)
 Metaspace       used 53969K, committed 54528K, reserved 1114112K
  class space    used 7830K, committed 8064K, reserved 1048576K
}
Event: 20.310 GC heap after
{Heap after GC invocations=14 (full 0):
 garbage-first heap   total 61440K, used 24382K [0x0000000741600000, 0x0000000800000000)
  region size 2048K, 2 young (4096K), 2 survivors (4096K)
 Metaspace       used 53969K, committed 54528K, reserved 1114112K
  class space    used 7830K, committed 8064K, reserved 1048576K
}
Event: 21.455 GC heap before
{Heap before GC invocations=14 (full 0):
 garbage-first heap   total 61440K, used 48958K [0x0000000741600000, 0x0000000800000000)
  region size 2048K, 14 young (28672K), 2 survivors (4096K)
 Metaspace       used 56399K, committed 56960K, reserved 1114112K
  class space    used 8174K, committed 8448K, reserved 1048576K
}
Event: 21.462 GC heap after
{Heap after GC invocations=15 (full 0):
 garbage-first heap   total 61440K, used 27012K [0x0000000741600000, 0x0000000800000000)
  region size 2048K, 2 young (4096K), 2 survivors (4096K)
 Metaspace       used 56399K, committed 56960K, reserved 1114112K
  class space    used 8174K, committed 8448K, reserved 1048576K
}
Event: 34.040 GC heap before
{Heap before GC invocations=15 (full 0):
 garbage-first heap   total 61440K, used 41348K [0x0000000741600000, 0x0000000800000000)
  region size 2048K, 10 young (20480K), 2 survivors (4096K)
 Metaspace       used 59529K, committed 60096K, reserved 1114112K
  class space    used 8572K, committed 8832K, reserved 1048576K
}
Event: 34.050 GC heap after
{Heap after GC invocations=16 (full 0):
 garbage-first heap   total 61440K, used 28601K [0x0000000741600000, 0x0000000800000000)
  region size 2048K, 1 young (2048K), 1 survivors (2048K)
 Metaspace       used 59529K, committed 60096K, reserved 1114112K
  class space    used 8572K, committed 8832K, reserved 1048576K
}
Event: 1504.783 GC heap before
{Heap before GC invocations=17 (full 0):
 garbage-first heap   total 61440K, used 47033K [0x0000000741600000, 0x0000000800000000)
  region size 2048K, 10 young (20480K), 1 survivors (2048K)
 Metaspace       used 62524K, committed 63168K, reserved 1114112K
  class space    used 9112K, committed 9408K, reserved 1048576K
}
Event: 1504.787 GC heap after
{Heap after GC invocations=18 (full 0):
 garbage-first heap   total 61440K, used 29201K [0x0000000741600000, 0x0000000800000000)
  region size 2048K, 2 young (4096K), 2 survivors (4096K)
 Metaspace       used 62524K, committed 63168K, reserved 1114112K
  class space    used 9112K, committed 9408K, reserved 1048576K
}
Event: 4853.783 GC heap before
{Heap before GC invocations=19 (full 0):
 garbage-first heap   total 61440K, used 43537K [0x0000000741600000, 0x0000000800000000)
  region size 2048K, 10 young (20480K), 2 survivors (4096K)
 Metaspace       used 62278K, committed 63168K, reserved 1114112K
  class space    used 9056K, committed 9408K, reserved 1048576K
}
Event: 4853.980 GC heap after
{Heap after GC invocations=20 (full 0):
 garbage-first heap   total 61440K, used 29734K [0x0000000741600000, 0x0000000800000000)
  region size 2048K, 1 young (2048K), 1 survivors (2048K)
 Metaspace       used 62278K, committed 63168K, reserved 1114112K
  class space    used 9056K, committed 9408K, reserved 1048576K
}
Event: 5331.078 GC heap before
{Heap before GC invocations=20 (full 0):
 garbage-first heap   total 61440K, used 31782K [0x0000000741600000, 0x0000000800000000)
  region size 2048K, 2 young (4096K), 1 survivors (2048K)
 Metaspace       used 62280K, committed 63168K, reserved 1114112K
  class space    used 9057K, committed 9408K, reserved 1048576K
}
Event: 5331.169 GC heap after
{Heap after GC invocations=21 (full 0):
 garbage-first heap   total 61440K, used 28298K [0x0000000741600000, 0x0000000800000000)
  region size 2048K, 1 young (2048K), 1 survivors (2048K)
 Metaspace       used 62280K, committed 63168K, reserved 1114112K
  class space    used 9057K, committed 9408K, reserved 1048576K
}
Event: 9319.085 GC heap before
{Heap before GC invocations=21 (full 0):
 garbage-first heap   total 61440K, used 44682K [0x0000000741600000, 0x0000000800000000)
  region size 2048K, 10 young (20480K), 1 survivors (2048K)
 Metaspace       used 62335K, committed 63168K, reserved 1114112K
  class space    used 9071K, committed 9408K, reserved 1048576K
}
Event: 9319.137 GC heap after
{Heap after GC invocations=22 (full 0):
 garbage-first heap   total 61440K, used 28376K [0x0000000741600000, 0x0000000800000000)
  region size 2048K, 1 young (2048K), 1 survivors (2048K)
 Metaspace       used 62335K, committed 63168K, reserved 1114112K
  class space    used 9071K, committed 9408K, reserved 1048576K
}

Deoptimization events (10 events):
Event: 5.580 Thread 0x0000012471a57bf0 DEOPT PACKING pc=0x000001247b1f76ec sp=0x0000000d2cafd400
Event: 5.580 Thread 0x0000012471a57bf0 DEOPT UNPACKING pc=0x000001247ab62b43 sp=0x0000000d2cafc8b8 mode 0
Event: 12.655 Thread 0x0000012471a57bf0 DEOPT PACKING pc=0x000001247b064509 sp=0x0000000d2cafdc40
Event: 12.655 Thread 0x0000012471a57bf0 DEOPT UNPACKING pc=0x000001247ab62b43 sp=0x0000000d2cafd0d0 mode 3
Event: 12.655 Thread 0x00000124087634d0 DEOPT PACKING pc=0x000001247b11971f sp=0x0000000d2f5fedb0
Event: 12.656 Thread 0x00000124087634d0 DEOPT UNPACKING pc=0x000001247ab62b43 sp=0x0000000d2f5fe208 mode 3
Event: 19.476 Thread 0x0000012471a57bf0 DEOPT PACKING pc=0x000001247b099c54 sp=0x0000000d2cafc5c0
Event: 19.476 Thread 0x0000012471a57bf0 DEOPT UNPACKING pc=0x000001247ab62b43 sp=0x0000000d2cafbb18 mode 0
Event: 20.108 Thread 0x0000012471a57bf0 DEOPT PACKING pc=0x000001247b0907d2 sp=0x0000000d2cafd3d0
Event: 20.108 Thread 0x0000012471a57bf0 DEOPT UNPACKING pc=0x000001247ab62b43 sp=0x0000000d2cafc8d8 mode 3

Classes unloaded (20 events):
Event: 1504.843 Thread 0x0000012408108930 Unloading class 0x000001240a017c00 'java/lang/invoke/LambdaForm$MH+0x000001240a017c00'
Event: 1504.843 Thread 0x0000012408108930 Unloading class 0x000001240a017800 'java/lang/invoke/LambdaForm$MH+0x000001240a017800'
Event: 9319.322 Thread 0x0000012408108930 Unloading class 0x000001240a925c00 'java/lang/invoke/LambdaForm$MH+0x000001240a925c00'
Event: 9319.322 Thread 0x0000012408108930 Unloading class 0x000001240a925800 'java/lang/invoke/LambdaForm$MH+0x000001240a925800'
Event: 9319.322 Thread 0x0000012408108930 Unloading class 0x000001240a925400 'java/lang/invoke/LambdaForm$MH+0x000001240a925400'
Event: 9319.322 Thread 0x0000012408108930 Unloading class 0x000001240a925000 'java/lang/invoke/LambdaForm$MH+0x000001240a925000'
Event: 9319.322 Thread 0x0000012408108930 Unloading class 0x000001240a924c00 'java/lang/invoke/LambdaForm$MH+0x000001240a924c00'
Event: 9319.322 Thread 0x0000012408108930 Unloading class 0x000001240a924800 'java/lang/invoke/LambdaForm$MH+0x000001240a924800'
Event: 9319.322 Thread 0x0000012408108930 Unloading class 0x000001240a924400 'java/lang/invoke/LambdaForm$MH+0x000001240a924400'
Event: 9319.322 Thread 0x0000012408108930 Unloading class 0x000001240a924000 'java/lang/invoke/LambdaForm$MH+0x000001240a924000'
Event: 9319.322 Thread 0x0000012408108930 Unloading class 0x000001240a866400 'java/lang/invoke/LambdaForm$MH+0x000001240a866400'
Event: 9319.322 Thread 0x0000012408108930 Unloading class 0x000001240a866000 'java/lang/invoke/LambdaForm$MH+0x000001240a866000'
Event: 9319.322 Thread 0x0000012408108930 Unloading class 0x000001240a865c00 'java/lang/invoke/LambdaForm$MH+0x000001240a865c00'
Event: 9319.322 Thread 0x0000012408108930 Unloading class 0x000001240a865800 'java/lang/invoke/LambdaForm$MH+0x000001240a865800'
Event: 9319.322 Thread 0x0000012408108930 Unloading class 0x000001240a865400 'java/lang/invoke/LambdaForm$MH+0x000001240a865400'
Event: 9319.322 Thread 0x0000012408108930 Unloading class 0x000001240a865000 'java/lang/invoke/LambdaForm$MH+0x000001240a865000'
Event: 9319.322 Thread 0x0000012408108930 Unloading class 0x000001240a864c00 'java/lang/invoke/LambdaForm$MH+0x000001240a864c00'
Event: 9319.322 Thread 0x0000012408108930 Unloading class 0x000001240a864800 'java/lang/invoke/LambdaForm$MH+0x000001240a864800'
Event: 9319.322 Thread 0x0000012408108930 Unloading class 0x000001240a864400 'java/lang/invoke/LambdaForm$MH+0x000001240a864400'
Event: 9319.322 Thread 0x0000012408108930 Unloading class 0x000001240a864000 'java/lang/invoke/LambdaForm$MH+0x000001240a864000'

Classes redefined (0 events):
No events

Internal exceptions (20 events):
Event: 5726.448 Thread 0x00000124084bde20 Exception <a 'java/lang/reflect/InvocationTargetException'{0x000000074851dbf8}> (0x000000074851dbf8) 
thrown [s\open\src\hotspot\share\runtime\reflection.cpp, line 1121]
Event: 5762.710 Thread 0x000001240890b040 Exception <a 'java/lang/reflect/InvocationTargetException'{0x00000007485aa3c0}> (0x00000007485aa3c0) 
thrown [s\open\src\hotspot\share\runtime\reflection.cpp, line 1121]
Event: 5762.714 Thread 0x000001240890b040 Exception <a 'java/lang/reflect/InvocationTargetException'{0x00000007485af030}> (0x00000007485af030) 
thrown [s\open\src\hotspot\share\runtime\reflection.cpp, line 1121]
Event: 6024.716 Thread 0x00000124084be300 Exception <a 'java/lang/reflect/InvocationTargetException'{0x000000074825ee28}> (0x000000074825ee28) 
thrown [s\open\src\hotspot\share\runtime\reflection.cpp, line 1121]
Event: 6024.718 Thread 0x00000124084be300 Exception <a 'java/lang/reflect/InvocationTargetException'{0x0000000748263ad0}> (0x0000000748263ad0) 
thrown [s\open\src\hotspot\share\runtime\reflection.cpp, line 1121]
Event: 6047.185 Thread 0x0000012408909080 Exception <a 'java/lang/reflect/InvocationTargetException'{0x00000007482f8c98}> (0x00000007482f8c98) 
thrown [s\open\src\hotspot\share\runtime\reflection.cpp, line 1121]
Event: 6047.186 Thread 0x0000012408909080 Exception <a 'java/lang/reflect/InvocationTargetException'{0x00000007482fcfe0}> (0x00000007482fcfe0) 
thrown [s\open\src\hotspot\share\runtime\reflection.cpp, line 1121]
Event: 6055.568 Thread 0x000001240890a4c0 Exception <a 'java/lang/reflect/InvocationTargetException'{0x000000074839a128}> (0x000000074839a128) 
thrown [s\open\src\hotspot\share\runtime\reflection.cpp, line 1121]
Event: 6055.569 Thread 0x000001240890a4c0 Exception <a 'java/lang/reflect/InvocationTargetException'{0x000000074839e4d8}> (0x000000074839e4d8) 
thrown [s\open\src\hotspot\share\runtime\reflection.cpp, line 1121]
Event: 7492.392 Thread 0x000001240890a4c0 Exception <a 'java/lang/NoSuchMethodError'{0x00000007444a81a8}: 'java.lang.Object java.lang.invoke.DirectMethodHandle$Holder.invokeStatic(java.lang.Object, int, int)'> (0x00000007444a81a8) 
thrown [s\open\src\hotspot\share\interpreter\linkResolver.cpp, line 759]
Event: 7492.543 Thread 0x0000012408909080 Exception <a 'java/io/IOException'{0x00000007444f8470}> (0x00000007444f8470) 
thrown [s\open\src\hotspot\share\prims\jni.cpp, line 516]
Event: 7492.589 Thread 0x0000012408909590 Exception <a 'sun/net/ConnectionResetException'{0x000000074808e2d0}: Connection reset> (0x000000074808e2d0) 
thrown [s\open\src\hotspot\share\prims\jni.cpp, line 535]
Event: 7492.593 Thread 0x000001244e415ea0 Exception <a 'sun/net/ConnectionResetException'{0x00000007484e3a08}: Connection reset> (0x00000007484e3a08) 
thrown [s\open\src\hotspot\share\prims\jni.cpp, line 535]
Event: 7492.673 Thread 0x0000012408909aa0 Exception <a 'sun/net/ConnectionResetException'{0x00000007480dc170}: Connection reset> (0x00000007480dc170) 
thrown [s\open\src\hotspot\share\prims\jni.cpp, line 535]
Event: 7492.846 Thread 0x00000124084be300 Exception <a 'sun/net/ConnectionResetException'{0x00000007482ccb28}: Connection reset> (0x00000007482ccb28) 
thrown [s\open\src\hotspot\share\prims\jni.cpp, line 535]
Event: 7492.895 Thread 0x000001240890a9d0 Exception <a 'sun/net/ConnectionResetException'{0x000000074453ed68}: Connection reset> (0x000000074453ed68) 
thrown [s\open\src\hotspot\share\prims\jni.cpp, line 535]
Event: 7778.869 Thread 0x0000012408909fb0 Exception <a 'java/lang/reflect/InvocationTargetException'{0x0000000744234f50}> (0x0000000744234f50) 
thrown [s\open\src\hotspot\share\runtime\reflection.cpp, line 1121]
Event: 7778.870 Thread 0x0000012408909fb0 Exception <a 'java/lang/reflect/InvocationTargetException'{0x0000000744239850}> (0x0000000744239850) 
thrown [s\open\src\hotspot\share\runtime\reflection.cpp, line 1121]
Event: 7783.405 Thread 0x000001244e415ea0 Exception <a 'java/lang/reflect/InvocationTargetException'{0x00000007442c2cb8}> (0x00000007442c2cb8) 
thrown [s\open\src\hotspot\share\runtime\reflection.cpp, line 1121]
Event: 7783.439 Thread 0x000001244e415ea0 Exception <a 'java/lang/reflect/InvocationTargetException'{0x00000007442c9b18}> (0x00000007442c9b18) 
thrown [s\open\src\hotspot\share\runtime\reflection.cpp, line 1121]

VM Operations (20 events):
Event: 7102.259 Executing VM operation: Cleanup done
Event: 7147.629 Executing VM operation: Cleanup
Event: 7147.629 Executing VM operation: Cleanup done
Event: 7176.785 Executing VM operation: Cleanup
Event: 7176.785 Executing VM operation: Cleanup done
Event: 7492.656 Executing VM operation: Cleanup
Event: 7492.656 Executing VM operation: Cleanup done
Event: 7516.922 Executing VM operation: HandshakeAllThreads
Event: 7516.922 Executing VM operation: HandshakeAllThreads done
Event: 7772.343 Executing VM operation: Cleanup
Event: 7772.343 Executing VM operation: Cleanup done
Event: 7773.355 Executing VM operation: Cleanup
Event: 7773.355 Executing VM operation: Cleanup done
Event: 7817.648 Executing VM operation: HandshakeAllThreads
Event: 7817.648 Executing VM operation: HandshakeAllThreads done
Event: 8515.595 Executing VM operation: Cleanup
Event: 8515.596 Executing VM operation: Cleanup done
Event: 9319.084 Executing VM operation: G1CollectForAllocation
Event: 9319.137 Executing VM operation: G1CollectForAllocation done
Event: 9319.308 Executing VM operation: G1Concurrent

Events (20 events):
Event: 8917.304 Thread 0x0000012408764400 Thread added: 0x0000012408764400
Event: 8917.311 Thread 0x0000012408768ff0 Thread added: 0x0000012408768ff0
Event: 8922.319 Thread 0x0000012408764400 Thread exited: 0x0000012408764400
Event: 8922.542 Thread 0x0000012408768ff0 Thread exited: 0x0000012408768ff0
Event: 8927.900 Thread 0x0000012408764400 Thread added: 0x0000012408764400
Event: 8927.921 Thread 0x0000012408768ff0 Thread added: 0x0000012408768ff0
Event: 8932.929 Thread 0x0000012408764400 Thread exited: 0x0000012408764400
Event: 8933.208 Thread 0x0000012408768ff0 Thread exited: 0x0000012408768ff0
Event: 8936.904 Thread 0x0000012408769500 Thread added: 0x0000012408769500
Event: 8936.910 Thread 0x0000012408768ff0 Thread added: 0x0000012408768ff0
Event: 8941.911 Thread 0x0000012408769500 Thread exited: 0x0000012408769500
Event: 8942.157 Thread 0x0000012408768ff0 Thread exited: 0x0000012408768ff0
Event: 8951.741 Thread 0x0000012408768ff0 Thread added: 0x0000012408768ff0
Event: 8951.744 Thread 0x0000012408765840 Thread added: 0x0000012408765840
Event: 8956.756 Thread 0x0000012408768ff0 Thread exited: 0x0000012408768ff0
Event: 8956.951 Thread 0x0000012408765840 Thread exited: 0x0000012408765840
Event: 8959.201 Thread 0x0000012408766770 Thread added: 0x0000012408766770
Event: 8959.204 Thread 0x00000124087680c0 Thread added: 0x00000124087680c0
Event: 8964.210 Thread 0x0000012408766770 Thread exited: 0x0000012408766770
Event: 8964.461 Thread 0x00000124087680c0 Thread exited: 0x00000124087680c0


Dynamic libraries:
0x00007ff72c350000 - 0x00007ff72c360000 	C:\Program Files\Java\jdk-17\bin\java.exe
0x00007ffd662f0000 - 0x00007ffd66507000 	C:\Windows\SYSTEM32\ntdll.dll
0x00007ffd658b0000 - 0x00007ffd65974000 	C:\Windows\System32\KERNEL32.DLL
0x00007ffd63880000 - 0x00007ffd63c37000 	C:\Windows\System32\KERNELBASE.dll
0x00007ffd63d60000 - 0x00007ffd63e71000 	C:\Windows\System32\ucrtbase.dll
0x00007ffd57f80000 - 0x00007ffd57f9b000 	C:\Program Files\Java\jdk-17\bin\VCRUNTIME140.dll
0x00007ffd50ab0000 - 0x00007ffd50ac9000 	C:\Program Files\Java\jdk-17\bin\jli.dll
0x00007ffd65770000 - 0x00007ffd65822000 	C:\Windows\System32\ADVAPI32.dll
0x00007ffd661f0000 - 0x00007ffd66297000 	C:\Windows\System32\msvcrt.dll
0x00007ffd65be0000 - 0x00007ffd65c88000 	C:\Windows\System32\sechost.dll
0x00007ffd63ff0000 - 0x00007ffd64018000 	C:\Windows\System32\bcrypt.dll
0x00007ffd65ac0000 - 0x00007ffd65bd4000 	C:\Windows\System32\RPCRT4.dll
0x00007ffd65130000 - 0x00007ffd652df000 	C:\Windows\System32\USER32.dll
0x00007ffd51290000 - 0x00007ffd51523000 	C:\Windows\WinSxS\amd64_microsoft.windows.common-controls_6595b64144ccf1df_6.0.22621.3672_none_2713b9d173822955\COMCTL32.dll
0x00007ffd63f40000 - 0x00007ffd63f66000 	C:\Windows\System32\win32u.dll
0x00007ffd65980000 - 0x00007ffd659a9000 	C:\Windows\System32\GDI32.dll
0x00007ffd63c40000 - 0x00007ffd63d58000 	C:\Windows\System32\gdi32full.dll
0x00007ffd637e0000 - 0x00007ffd6387a000 	C:\Windows\System32\msvcp_win.dll
0x00007ffd57800000 - 0x00007ffd5780a000 	C:\Windows\SYSTEM32\VERSION.dll
0x00007ffd65fc0000 - 0x00007ffd65ff1000 	C:\Windows\System32\IMM32.DLL
0x00007ffd5e4a0000 - 0x00007ffd5e4ac000 	C:\Program Files\Java\jdk-17\bin\vcruntime140_1.dll
0x00007ffd507c0000 - 0x00007ffd5084e000 	C:\Program Files\Java\jdk-17\bin\msvcp140.dll
0x00007ffd0fe60000 - 0x00007ffd10a40000 	C:\Program Files\Java\jdk-17\bin\server\jvm.dll
0x00007ffd662a0000 - 0x00007ffd662a8000 	C:\Windows\System32\PSAPI.DLL
0x00007ffd563d0000 - 0x00007ffd563d9000 	C:\Windows\SYSTEM32\WSOCK32.dll
0x00007ffd54a60000 - 0x00007ffd54a94000 	C:\Windows\SYSTEM32\WINMM.dll
0x00007ffd65830000 - 0x00007ffd658a1000 	C:\Windows\System32\WS2_32.dll
0x00007ffd62740000 - 0x00007ffd62758000 	C:\Windows\SYSTEM32\kernel.appcore.dll
0x00007ffd5e410000 - 0x00007ffd5e41a000 	C:\Program Files\Java\jdk-17\bin\jimage.dll
0x00007ffd57300000 - 0x00007ffd57532000 	C:\Windows\SYSTEM32\DBGHELP.DLL
0x00007ffd64b90000 - 0x00007ffd64f1e000 	C:\Windows\System32\combase.dll
0x00007ffd64020000 - 0x00007ffd640f7000 	C:\Windows\System32\OLEAUT32.dll
0x00007ffd572c0000 - 0x00007ffd572f2000 	C:\Windows\SYSTEM32\dbgcore.DLL
0x00007ffd63f70000 - 0x00007ffd63feb000 	C:\Windows\System32\bcryptPrimitives.dll
0x00007ffd5bf00000 - 0x00007ffd5bf25000 	C:\Program Files\Java\jdk-17\bin\java.dll
0x00007ffd50b80000 - 0x00007ffd50c57000 	C:\Program Files\Java\jdk-17\bin\jsvml.dll
0x00007ffd642c0000 - 0x00007ffd64b29000 	C:\Windows\System32\SHELL32.dll
0x00007ffd61570000 - 0x00007ffd61e6f000 	C:\Windows\SYSTEM32\windows.storage.dll
0x00007ffd61430000 - 0x00007ffd6156f000 	C:\Windows\SYSTEM32\wintypes.dll
0x00007ffd65e10000 - 0x00007ffd65f09000 	C:\Windows\System32\SHCORE.dll
0x00007ffd66180000 - 0x00007ffd661de000 	C:\Windows\System32\shlwapi.dll
0x00007ffd63530000 - 0x00007ffd63557000 	C:\Windows\SYSTEM32\profapi.dll
0x00007ffd50b60000 - 0x00007ffd50b79000 	C:\Program Files\Java\jdk-17\bin\net.dll
0x00007ffd5a4f0000 - 0x00007ffd5a626000 	C:\Windows\SYSTEM32\WINHTTP.dll
0x00007ffd62bb0000 - 0x00007ffd62c19000 	C:\Windows\system32\mswsock.dll
0x00007ffd50b40000 - 0x00007ffd50b56000 	C:\Program Files\Java\jdk-17\bin\nio.dll
0x00007ffd50b20000 - 0x00007ffd50b38000 	C:\Program Files\Java\jdk-17\bin\zip.dll
0x00007ffd505a0000 - 0x00007ffd505ae000 	C:\Program Files\Java\jdk-17\bin\sunmscapi.dll
0x00007ffd63670000 - 0x00007ffd637d6000 	C:\Windows\System32\CRYPT32.dll
0x00007ffd63010000 - 0x00007ffd6303d000 	C:\Windows\SYSTEM32\ncrypt.dll
0x00007ffd62fd0000 - 0x00007ffd63007000 	C:\Windows\SYSTEM32\NTASN1.dll
0x00007ffd62e00000 - 0x00007ffd62e1b000 	C:\Windows\SYSTEM32\CRYPTSP.dll
0x00007ffd626a0000 - 0x00007ffd626d5000 	C:\Windows\system32\rsaenh.dll
0x00007ffd62ca0000 - 0x00007ffd62cc8000 	C:\Windows\SYSTEM32\USERENV.dll
0x00007ffd62e20000 - 0x00007ffd62e2c000 	C:\Windows\SYSTEM32\CRYPTBASE.dll
0x00007ffd620c0000 - 0x00007ffd620ed000 	C:\Windows\SYSTEM32\IPHLPAPI.DLL
0x00007ffd64b80000 - 0x00007ffd64b89000 	C:\Windows\System32\NSI.dll
0x00007ffd5a450000 - 0x00007ffd5a469000 	C:\Windows\SYSTEM32\dhcpcsvc6.DLL
0x00007ffd5a430000 - 0x00007ffd5a44f000 	C:\Windows\SYSTEM32\dhcpcsvc.DLL
0x00007ffd620f0000 - 0x00007ffd621f2000 	C:\Windows\SYSTEM32\DNSAPI.dll
0x00007ffd50860000 - 0x00007ffd5086a000 	C:\Program Files\Java\jdk-17\bin\management.dll
0x00007ffd50850000 - 0x00007ffd5085b000 	C:\Program Files\Java\jdk-17\bin\management_ext.dll
0x00007ffd57580000 - 0x00007ffd57590000 	C:\Program Files\Java\jdk-17\bin\verify.dll
0x00007ffd5a950000 - 0x00007ffd5a95a000 	C:\Windows\System32\rasadhlp.dll
0x00007ffd584a0000 - 0x00007ffd58523000 	C:\Windows\System32\fwpuclnt.dll
0x00007ffd506c0000 - 0x00007ffd506c8000 	C:\Windows\system32\wshunix.dll

dbghelp: loaded successfully - version: 4.0.5 - missing functions: none
symbol engine: initialized successfully - sym options: 0x614 - pdb path: .;C:\Program Files\Java\jdk-17\bin;C:\Windows\SYSTEM32;C:\Windows\WinSxS\amd64_microsoft.windows.common-controls_6595b64144ccf1df_6.0.22621.3672_none_2713b9d173822955;C:\Program Files\Java\jdk-17\bin\server

VM Arguments:
jvm_args: -XX:TieredStopAtLevel=1 
java_command: com.fruvio.GestionConge.GestionCongeApplication
java_class_path (initial): E:\GestionConge\Backend\target\classes;C:\Users\fvaza\.m2\repository\org\springframework\boot\spring-boot\3.3.0\spring-boot-3.3.0.jar;C:\Users\fvaza\.m2\repository\org\springframework\boot\spring-boot-autoconfigure\3.3.0\spring-boot-autoconfigure-3.3.0.jar;C:\Users\fvaza\.m2\repository\ch\qos\logback\logback-classic\1.5.6\logback-classic-1.5.6.jar;C:\Users\fvaza\.m2\repository\ch\qos\logback\logback-core\1.5.6\logback-core-1.5.6.jar;C:\Users\fvaza\.m2\repository\org\apache\logging\log4j\log4j-to-slf4j\2.23.1\log4j-to-slf4j-2.23.1.jar;C:\Users\fvaza\.m2\repository\org\apache\logging\log4j\log4j-api\2.23.1\log4j-api-2.23.1.jar;C:\Users\fvaza\.m2\repository\org\slf4j\jul-to-slf4j\2.0.13\jul-to-slf4j-2.0.13.jar;C:\Users\fvaza\.m2\repository\org\yaml\snakeyaml\2.2\snakeyaml-2.2.jar;C:\Users\fvaza\.m2\repository\com\fasterxml\jackson\core\jackson-databind\2.17.1\jackson-databind-2.17.1.jar;C:\Users\fvaza\.m2\repository\com\fasterxml\jackson\core\jackson-annotations\2.17.1\jackson-annotations-2.17.1.jar;C:\Users\fvaza\.m2\repository\com\fasterxml\jackson\core\jackson-core\2.17.1\jackson-core-2.17.1.jar;C:\Users\fvaza\.m2\repository\com\fasterxml\jackson\datatype\jackson-datatype-jdk8\2.17.1\jackson-datatype-jdk8-2.17.1.jar;C:\Users\fvaza\.m2\repository\com\fasterxml\jackson\datatype\jackson-datatype-jsr310\2.17.1\jackson-datatype-jsr310-2.17.1.jar;C:\Users\fvaza\.m2\repository\com\fasterxml\jackson\module\jackson-module-parameter-names\2.17.1\jackson-module-parameter-names-2.17.1.jar;C:\Users\fvaza\.m2\repository\org\apache\tomcat\embed\tomcat-embed-core\10.1.24\tomcat-embed-core-10.1.24.jar;C:\Users\fvaza\.m2\repository\org\apache\tomcat\embed\tomcat-embed-el\10.1.24\tomcat-embed-el-10.1.24.jar;C:\Users\fvaza\.m2\repository\org\apache\tomcat\embed\tomcat-embed-websocket\10.1.24\tomcat-embed-websocket-10.1.24.jar;C:\Users\fvaza\.m2\repository\org\springframework\spring-web\6.1.8\spring-web-6.1.8.jar;C:\Users\fvaza\.m2\repository\org\springframe
Launcher Type: SUN_STANDARD

[Global flags]
     intx CICompilerCount                          = 4                                         {product} {ergonomic}
     uint ConcGCThreads                            = 2                                         {product} {ergonomic}
     uint G1ConcRefinementThreads                  = 8                                         {product} {ergonomic}
   size_t G1HeapRegionSize                         = 2097152                                   {product} {ergonomic}
    uintx GCDrainStackTargetSize                   = 64                                        {product} {ergonomic}
   size_t InitialHeapSize                          = 201326592                                 {product} {ergonomic}
   size_t MarkStackSize                            = 4194304                                   {product} {ergonomic}
   size_t MaxHeapSize                              = 3198156800                                {product} {ergonomic}
   size_t MaxNewSize                               = 1918894080                                {product} {ergonomic}
   size_t MinHeapDeltaBytes                        = 2097152                                   {product} {ergonomic}
   size_t MinHeapSize                              = 8388608                                   {product} {ergonomic}
    uintx NonProfiledCodeHeapSize                  = 0                                      {pd product} {ergonomic}
     bool ProfileInterpreter                       = false                                  {pd product} {command line}
    uintx ProfiledCodeHeapSize                     = 0                                      {pd product} {ergonomic}
   size_t SoftMaxHeapSize                          = 3198156800                             {manageable} {ergonomic}
     intx TieredStopAtLevel                        = 1                                         {product} {command line}
     bool UseCompressedClassPointers               = true                           {product lp64_product} {ergonomic}
     bool UseCompressedOops                        = true                           {product lp64_product} {ergonomic}
     bool UseG1GC                                  = true                                      {product} {ergonomic}
     bool UseLargePagesIndividualAllocation        = false                                  {pd product} {ergonomic}

Logging:
Log output configuration:
 #0: stdout all=warning uptime,level,tags
 #1: stderr all=off uptime,level,tags

Environment Variables:
JAVA_HOME=C:\Program Files\Java\jdk-17
PATH=c:\Users\fvaza\.vscode\extensions\vadimcn.vscode-lldb-1.12.2\bin;c:\Users\fvaza\.vscode\extensions\vadimcn.vscode-lldb-1.12.2\bin;c:\Users\fvaza\.vscode\extensions\vadimcn.vscode-lldb-1.12.2\bin;C:\Program Files\Common Files\Oracle\Java\javapath;C:\Program Files (x86)\Common Files\Oracle\Java\java8path;C:\Program Files (x86)\Common Files\Oracle\Java\javapath;C:\Program Files (x86)\Common Files\Intel\Shared Libraries\redist\intel64\compiler;C:\Windows\system32;C:\Windows;C:\Windows\System32\Wbem;C:\Windows\System32\WindowsPowerShell\v1.0\;C:\Windows\System32\OpenSSH\;C:\Program Files\dotnet\;C:\Program Files\nodejs\;C:\Program Files\Git\cmd;C:\apache-maven-3.9.16\bin;E:\PostgreSQL\bin;C:\Users\fvaza\AppData\Local\Microsoft\WindowsApps;C:\Users\fvaza\AppData\Local\Programs\Microsoft VS Code\bin;C:\Users\fvaza\AppData\Roaming\npm;E:\Testes\vite-project\PHP;E:\TUTO\PHP;C:\Program Files\Java\jdk-17\bin;E:\CodeTools\gradle-9.7.0\bin;C:\apache-maven-3.9.16;E:\PostgrSQL\bin;E:\IntelliJ IDEA 2026.2.0.1\bin;c:\Users\fvaza\.vscode\extensions\vscjava.vscode-java-debug-0.59.0\bundled\scripts\noConfigScriptsc:\Users\fvaza\.vscode\extensions\vscjava.vscode-java-debug-0.59.0\bundled\scripts\noConfigScripts
USERNAME=fvaza
LANG=en_US.UTF-8
OS=Windows_NT
PROCESSOR_IDENTIFIER=Intel64 Family 6 Model 60 Stepping 3, GenuineIntel



---------------  S Y S T E M  ---------------

OS:
 Windows 11 , 64 bit Build 22621 (10.0.22621.3958)
OS uptime: 0 days 3:48 hours

CPU: total 8 (initial active 8) (4 cores per cpu, 2 threads per core) family 6 model 60 stepping 3 microcode 0x28, cx8, cmov, fxsr, ht, mmx, sse, sse2, sse3, ssse3, sse4.1, sse4.2, popcnt, lzcnt, tsc, tscinvbit, avx, avx2, aes, erms, clmul, bmi1, bmi2, fma, vzeroupper, clflush

Memory: 4k page, system-wide physical 12193M (3016M free)
TotalPageFile size 20193M (AvailPageFile size 4493M)
current process WorkingSet (physical memory assigned to process): 147M, peak: 196M
current process commit charge ("private bytes"): 241M, peak: 312M

vm_info: Java HotSpot(TM) 64-Bit Server VM (17.0.12+8-LTS-286) for windows-amd64 JRE (17.0.12+8-LTS-286), built on Jun  5 2024 06:46:59 by "mach5one" with MS VC++ 17.6 (VS2022)

END.
